// Jest Snapshot v1, https://goo.gl/fbAQLP

exports[`AMark.vue renders no marks when nothing is indicated 1`] = `""`;
